<?xml version="1.0" encoding="utf-8"?>
<TestRun id="73afb5c4-352a-4801-a6d7-39c86adf4c77" name="@60c9e64cc8e0 2026-08-11 00:52:20" xmlns="http://microsoft.com/schemas/VisualStudio/TeamTest/2010">
  <Times creation="2026-08-11T00:52:20.4743855+02:00" queuing="2026-08-11T00:52:20.4743856+02:00" start="2026-08-11T00:52:19.7179537+02:00" finish="2026-08-11T00:52:20.4999041+02:00" />
  <TestSettings name="default" id="cf329ce7-139a-4273-8d4e-77498e41a06d">
    <Deployment runDeploymentRoot="_60c9e64cc8e0_2026-08-11_00_52_20" />
  </TestSettings>
  <Results>
    <UnitTestResult executionId="c8a6d0e5-c524-4715-98fb-d97db659d18d" testId="23d70a59-7169-d804-981b-a6f6a78aaf8d" testName="SIR.Server.Tests+LiveSessionAuthenticationTests.production rejects absent bearer identity" computerName="60c9e64cc8e0" duration="00:00:00.0114448" startTime="2026-08-11T00:52:20.3912070+02:00" endTime="2026-08-11T00:52:20.4026269+02:00" testType="13cdc9d9-ddb5-4fa4-a97d-d965ccfc6d4b" outcome="Passed" testListId="8c84fa94-04c1-424b-9868-57a2d4851a1d" relativeResultsDirectory="c8a6d0e5-c524-4715-98fb-d97db659d18d" />
    <UnitTestResult executionId="888d8d0e-e81f-44b2-8792-812efc8e2305" testId="af97fa3e-3cd5-8a58-fc28-01633b7a4ef8" testName="SIR.Server.Tests+LiveSessionAuthenticationTests.production rejects development identity header" computerName="60c9e64cc8e0" duration="00:00:00.0096769" startTime="2026-08-11T00:52:20.4533597+02:00" endTime="2026-08-11T00:52:20.4594057+02:00" testType="13cdc9d9-ddb5-4fa4-a97d-d965ccfc6d4b" outcome="Passed" testListId="8c84fa94-04c1-424b-9868-57a2d4851a1d" relativeResultsDirectory="888d8d0e-e81f-44b2-8792-812efc8e2305" />
    <UnitTestResult executionId="9a4bacc1-f781-4734-b4f4-1f5d8a47f8d4" testId="c89c8dc6-f357-8e25-821c-a60f23e84690" testName="SIR.Server.Tests+LiveSessionAuthenticationTests.concurrent admissions never exceed capacity" computerName="60c9e64cc8e0" duration="00:00:00.0070595" startTime="2026-08-11T00:52:20.4229869+02:00" endTime="2026-08-11T00:52:20.4299411+02:00" testType="13cdc9d9-ddb5-4fa4-a97d-d965ccfc6d4b" outcome="Passed" testListId="8c84fa94-04c1-424b-9868-57a2d4851a1d" relativeResultsDirectory="9a4bacc1-f781-4734-b4f4-1f5d8a47f8d4" />
    <UnitTestResult executionId="320dcdd0-7bac-4b1b-a9d9-809a1ece1f70" testId="ca8f4372-1632-3c49-4d63-e8521ad1ed66" testName="SIR.Server.Tests+LiveSessionAuthenticationTests.framework diagnostics suppress rejected query credentials" computerName="60c9e64cc8e0" duration="00:00:00.1549808" startTime="2026-08-11T00:52:20.0232116+02:00" endTime="2026-08-11T00:52:20.1828071+02:00" testType="13cdc9d9-ddb5-4fa4-a97d-d965ccfc6d4b" outcome="Passed" testListId="8c84fa94-04c1-424b-9868-57a2d4851a1d" relativeResultsDirectory="320dcdd0-7bac-4b1b-a9d9-809a1ece1f70" />
    <UnitTestResult executionId="c7e17c45-6042-4bf9-9e28-4ac07900cce8" testId="5305a7ec-baca-aaa7-160d-107e16210613" testName="SIR.Server.Tests+LiveSessionAuthenticationTests.production rejects spoofed header and admits signed identity" computerName="60c9e64cc8e0" duration="00:00:00.2016968" startTime="2026-08-11T00:52:20.1887855+02:00" endTime="2026-08-11T00:52:20.3843884+02:00" testType="13cdc9d9-ddb5-4fa4-a97d-d965ccfc6d4b" outcome="Passed" testListId="8c84fa94-04c1-424b-9868-57a2d4851a1d" relativeResultsDirectory="c7e17c45-6042-4bf9-9e28-4ac07900cce8" />
    <UnitTestResult executionId="c32b0903-7d42-4ef2-b577-5f8d9637977a" testId="282154bb-dfa9-0af3-2a56-88d71f13ed8b" testName="SIR.Server.Tests+LiveSessionAuthenticationTests.injected clock expires admission" computerName="60c9e64cc8e0" duration="00:00:00.0002618" startTime="2026-08-11T00:52:20.4226940+02:00" endTime="2026-08-11T00:52:20.4228529+02:00" testType="13cdc9d9-ddb5-4fa4-a97d-d965ccfc6d4b" outcome="Passed" testListId="8c84fa94-04c1-424b-9868-57a2d4851a1d" relativeResultsDirectory="c32b0903-7d42-4ef2-b577-5f8d9637977a" />
    <UnitTestResult executionId="772d2f50-7a4b-493e-b550-e2450bd4af4c" testId="23f90c22-9055-e0a6-0c21-5e2669fa90f9" testName="SIR.Server.Tests+LiveSessionAuthenticationTests.chunked bootstrap body is rejected before parsing" computerName="60c9e64cc8e0" duration="00:00:00.0198722" startTime="2026-08-11T00:52:20.4027581+02:00" endTime="2026-08-11T00:52:20.4225742+02:00" testType="13cdc9d9-ddb5-4fa4-a97d-d965ccfc6d4b" outcome="Passed" testListId="8c84fa94-04c1-424b-9868-57a2d4851a1d" relativeResultsDirectory="772d2f50-7a4b-493e-b550-e2450bd4af4c" />
    <UnitTestResult executionId="cdc5422c-9222-4e17-9e21-ef78e702480d" testId="e353a7da-dd6c-8e9f-80d4-fe76f65eafb0" testName="SIR.Server.Tests+LiveSessionAuthenticationTests.bootstrap bounds actor names and global session admission" computerName="60c9e64cc8e0" duration="00:00:00.0011914" startTime="2026-08-11T00:52:20.3893104+02:00" endTime="2026-08-11T00:52:20.3904022+02:00" testType="13cdc9d9-ddb5-4fa4-a97d-d965ccfc6d4b" outcome="Passed" testListId="8c84fa94-04c1-424b-9868-57a2d4851a1d" relativeResultsDirectory="cdc5422c-9222-4e17-9e21-ef78e702480d" />
    <UnitTestResult executionId="1a1d1ab0-ae75-469e-92f5-a929aae70590" testId="9e3ff86a-705e-2c5a-b13d-2650ba750e9f" testName="SIR.Server.Tests+LiveSessionAuthenticationTests.independent sessions mutate concurrently" computerName="60c9e64cc8e0" duration="00:00:00.0047871" startTime="2026-08-11T00:52:20.3848764+02:00" endTime="2026-08-11T00:52:20.3891965+02:00" testType="13cdc9d9-ddb5-4fa4-a97d-d965ccfc6d4b" outcome="Passed" testListId="8c84fa94-04c1-424b-9868-57a2d4851a1d" relativeResultsDirectory="1a1d1ab0-ae75-469e-92f5-a929aae70590" />
    <UnitTestResult executionId="9bfe9519-9910-41bd-96c6-0152e0d0f4a2" testId="a39e13bc-e383-7706-8a25-94b466af6129" testName="SIR.Server.Tests+LiveSessionAuthenticationTests.takeover rejects superseded connection and keeps deterministic work" computerName="60c9e64cc8e0" duration="00:00:00.0016149" startTime="2026-08-11T00:52:20.4532128+02:00" endTime="2026-08-11T00:52:20.4532333+02:00" testType="13cdc9d9-ddb5-4fa4-a97d-d965ccfc6d4b" outcome="Passed" testListId="8c84fa94-04c1-424b-9868-57a2d4851a1d" relativeResultsDirectory="9bfe9519-9910-41bd-96c6-0152e0d0f4a2" />
    <UnitTestResult executionId="0ee5f382-212a-47a2-948b-30638f297ddb" testId="ffd9e77d-fa91-7dbc-76ba-a8221563082e" testName="SIR.Server.Tests+LiveSessionAuthenticationTests.disconnect grace expires and releases a session" computerName="60c9e64cc8e0" duration="00:00:00.0006045" startTime="2026-08-11T00:52:20.4531287+02:00" endTime="2026-08-11T00:52:20.4531536+02:00" testType="13cdc9d9-ddb5-4fa4-a97d-d965ccfc6d4b" outcome="Passed" testListId="8c84fa94-04c1-424b-9868-57a2d4851a1d" relativeResultsDirectory="0ee5f382-212a-47a2-948b-30638f297ddb" />
    <UnitTestResult executionId="43c31351-492a-4c5b-a946-818f5cf23019" testId="7f38d18e-8840-31f5-982b-47e6ef418666" testName="SIR.Server.Tests+LiveSessionAuthenticationTests.superseded admission releases capacity with stable denial" computerName="60c9e64cc8e0" duration="00:00:00.0006986" startTime="2026-08-11T00:52:20.3904869+02:00" endTime="2026-08-11T00:52:20.3911290+02:00" testType="13cdc9d9-ddb5-4fa4-a97d-d965ccfc6d4b" outcome="Passed" testListId="8c84fa94-04c1-424b-9868-57a2d4851a1d" relativeResultsDirectory="43c31351-492a-4c5b-a946-818f5cf23019" />
    <UnitTestResult executionId="72bc8236-2754-4315-aba3-b0805551d5d2" testId="da0ebd1a-9d30-e029-67e8-33a0c59bbf71" testName="SIR.Server.Tests+LiveSessionAuthenticationTests.bootstrap rate limiting and lifecycle metrics are observable" computerName="60c9e64cc8e0" duration="00:00:00.0005384" startTime="2026-08-11T00:52:20.4529234+02:00" endTime="2026-08-11T00:52:20.4529612+02:00" testType="13cdc9d9-ddb5-4fa4-a97d-d965ccfc6d4b" outcome="Passed" testListId="8c84fa94-04c1-424b-9868-57a2d4851a1d" relativeResultsDirectory="72bc8236-2754-4315-aba3-b0805551d5d2" />
    <UnitTestResult executionId="803a0e18-2158-486a-8ea2-7a53ee80f094" testId="e6fe9cf1-af0c-218e-31e5-d371329fcd45" testName="SIR.Server.Tests+LiveSessionAuthenticationTests.query only credentials and revoked sessions are denied" computerName="60c9e64cc8e0" duration="00:00:00.0002813" startTime="2026-08-11T00:52:20.4594973+02:00" endTime="2026-08-11T00:52:20.4597211+02:00" testType="13cdc9d9-ddb5-4fa4-a97d-d965ccfc6d4b" outcome="Passed" testListId="8c84fa94-04c1-424b-9868-57a2d4851a1d" relativeResultsDirectory="803a0e18-2158-486a-8ea2-7a53ee80f094" />
    <UnitTestResult executionId="3aa58154-088c-4b05-95a2-9bd86a60ef39" testId="f4589aac-bcc3-f6bd-2938-b6c46193a520" testName="SIR.Server.Tests+LiveSessionAuthenticationTests.bootstrap rejects cross actor identity" computerName="60c9e64cc8e0" duration="00:00:00.0168388" startTime="2026-08-11T00:52:20.4532817+02:00" endTime="2026-08-11T00:52:20.4533020+02:00" testType="13cdc9d9-ddb5-4fa4-a97d-d965ccfc6d4b" outcome="Passed" testListId="8c84fa94-04c1-424b-9868-57a2d4851a1d" relativeResultsDirectory="3aa58154-088c-4b05-95a2-9bd86a60ef39" />
  </Results>
  <TestDefinitions>
    <UnitTest name="SIR.Server.Tests+LiveSessionAuthenticationTests.concurrent admissions never exceed capacity" storage="/home/developer/worktrees/item-147-live-session-resource-lifecycle/tests/sir.server.tests/bin/release/net10.0/sir.server.tests.dll" id="c89c8dc6-f357-8e25-821c-a60f23e84690">
      <Execution id="9a4bacc1-f781-4734-b4f4-1f5d8a47f8d4" />
      <TestMethod codeBase="/home/developer/worktrees/item-147-live-session-resource-lifecycle/tests/SIR.Server.Tests/bin/Release/net10.0/SIR.Server.Tests.dll" adapterTypeName="executor://xunit/VsTestRunner3/netcore/" className="SIR.Server.Tests+LiveSessionAuthenticationTests" name="concurrent admissions never exceed capacity" />
    </UnitTest>
    <UnitTest name="SIR.Server.Tests+LiveSessionAuthenticationTests.independent sessions mutate concurrently" storage="/home/developer/worktrees/item-147-live-session-resource-lifecycle/tests/sir.server.tests/bin/release/net10.0/sir.server.tests.dll" id="9e3ff86a-705e-2c5a-b13d-2650ba750e9f">
      <Execution id="1a1d1ab0-ae75-469e-92f5-a929aae70590" />
      <TestMethod codeBase="/home/developer/worktrees/item-147-live-session-resource-lifecycle/tests/SIR.Server.Tests/bin/Release/net10.0/SIR.Server.Tests.dll" adapterTypeName="executor://xunit/VsTestRunner3/netcore/" className="SIR.Server.Tests+LiveSessionAuthenticationTests" name="independent sessions mutate concurrently" />
    </UnitTest>
    <UnitTest name="SIR.Server.Tests+LiveSessionAuthenticationTests.query only credentials and revoked sessions are denied" storage="/home/developer/worktrees/item-147-live-session-resource-lifecycle/tests/sir.server.tests/bin/release/net10.0/sir.server.tests.dll" id="e6fe9cf1-af0c-218e-31e5-d371329fcd45">
      <Execution id="803a0e18-2158-486a-8ea2-7a53ee80f094" />
      <TestMethod codeBase="/home/developer/worktrees/item-147-live-session-resource-lifecycle/tests/SIR.Server.Tests/bin/Release/net10.0/SIR.Server.Tests.dll" adapterTypeName="executor://xunit/VsTestRunner3/netcore/" className="SIR.Server.Tests+LiveSessionAuthenticationTests" name="query only credentials and revoked sessions are denied" />
    </UnitTest>
    <UnitTest name="SIR.Server.Tests+LiveSessionAuthenticationTests.bootstrap rate limiting and lifecycle metrics are observable" storage="/home/developer/worktrees/item-147-live-session-resource-lifecycle/tests/sir.server.tests/bin/release/net10.0/sir.server.tests.dll" id="da0ebd1a-9d30-e029-67e8-33a0c59bbf71">
      <Execution id="72bc8236-2754-4315-aba3-b0805551d5d2" />
      <TestMethod codeBase="/home/developer/worktrees/item-147-live-session-resource-lifecycle/tests/SIR.Server.Tests/bin/Release/net10.0/SIR.Server.Tests.dll" adapterTypeName="executor://xunit/VsTestRunner3/netcore/" className="SIR.Server.Tests+LiveSessionAuthenticationTests" name="bootstrap rate limiting and lifecycle metrics are observable" />
    </UnitTest>
    <UnitTest name="SIR.Server.Tests+LiveSessionAuthenticationTests.superseded admission releases capacity with stable denial" storage="/home/developer/worktrees/item-147-live-session-resource-lifecycle/tests/sir.server.tests/bin/release/net10.0/sir.server.tests.dll" id="7f38d18e-8840-31f5-982b-47e6ef418666">
      <Execution id="43c31351-492a-4c5b-a946-818f5cf23019" />
      <TestMethod codeBase="/home/developer/worktrees/item-147-live-session-resource-lifecycle/tests/SIR.Server.Tests/bin/Release/net10.0/SIR.Server.Tests.dll" adapterTypeName="executor://xunit/VsTestRunner3/netcore/" className="SIR.Server.Tests+LiveSessionAuthenticationTests" name="superseded admission releases capacity with stable denial" />
    </UnitTest>
    <UnitTest name="SIR.Server.Tests+LiveSessionAuthenticationTests.production rejects absent bearer identity" storage="/home/developer/worktrees/item-147-live-session-resource-lifecycle/tests/sir.server.tests/bin/release/net10.0/sir.server.tests.dll" id="23d70a59-7169-d804-981b-a6f6a78aaf8d">
      <Execution id="c8a6d0e5-c524-4715-98fb-d97db659d18d" />
      <TestMethod codeBase="/home/developer/worktrees/item-147-live-session-resource-lifecycle/tests/SIR.Server.Tests/bin/Release/net10.0/SIR.Server.Tests.dll" adapterTypeName="executor://xunit/VsTestRunner3/netcore/" className="SIR.Server.Tests+LiveSessionAuthenticationTests" name="production rejects absent bearer identity" />
    </UnitTest>
    <UnitTest name="SIR.Server.Tests+LiveSessionAuthenticationTests.injected clock expires admission" storage="/home/developer/worktrees/item-147-live-session-resource-lifecycle/tests/sir.server.tests/bin/release/net10.0/sir.server.tests.dll" id="282154bb-dfa9-0af3-2a56-88d71f13ed8b">
      <Execution id="c32b0903-7d42-4ef2-b577-5f8d9637977a" />
      <TestMethod codeBase="/home/developer/worktrees/item-147-live-session-resource-lifecycle/tests/SIR.Server.Tests/bin/Release/net10.0/SIR.Server.Tests.dll" adapterTypeName="executor://xunit/VsTestRunner3/netcore/" className="SIR.Server.Tests+LiveSessionAuthenticationTests" name="injected clock expires admission" />
    </UnitTest>
    <UnitTest name="SIR.Server.Tests+LiveSessionAuthenticationTests.framework diagnostics suppress rejected query credentials" storage="/home/developer/worktrees/item-147-live-session-resource-lifecycle/tests/sir.server.tests/bin/release/net10.0/sir.server.tests.dll" id="ca8f4372-1632-3c49-4d63-e8521ad1ed66">
      <Execution id="320dcdd0-7bac-4b1b-a9d9-809a1ece1f70" />
      <TestMethod codeBase="/home/developer/worktrees/item-147-live-session-resource-lifecycle/tests/SIR.Server.Tests/bin/Release/net10.0/SIR.Server.Tests.dll" adapterTypeName="executor://xunit/VsTestRunner3/netcore/" className="SIR.Server.Tests+LiveSessionAuthenticationTests" name="framework diagnostics suppress rejected query credentials" />
    </UnitTest>
    <UnitTest name="SIR.Server.Tests+LiveSessionAuthenticationTests.disconnect grace expires and releases a session" storage="/home/developer/worktrees/item-147-live-session-resource-lifecycle/tests/sir.server.tests/bin/release/net10.0/sir.server.tests.dll" id="ffd9e77d-fa91-7dbc-76ba-a8221563082e">
      <Execution id="0ee5f382-212a-47a2-948b-30638f297ddb" />
      <TestMethod codeBase="/home/developer/worktrees/item-147-live-session-resource-lifecycle/tests/SIR.Server.Tests/bin/Release/net10.0/SIR.Server.Tests.dll" adapterTypeName="executor://xunit/VsTestRunner3/netcore/" className="SIR.Server.Tests+LiveSessionAuthenticationTests" name="disconnect grace expires and releases a session" />
    </UnitTest>
    <UnitTest name="SIR.Server.Tests+LiveSessionAuthenticationTests.bootstrap bounds actor names and global session admission" storage="/home/developer/worktrees/item-147-live-session-resource-lifecycle/tests/sir.server.tests/bin/release/net10.0/sir.server.tests.dll" id="e353a7da-dd6c-8e9f-80d4-fe76f65eafb0">
      <Execution id="cdc5422c-9222-4e17-9e21-ef78e702480d" />
      <TestMethod codeBase="/home/developer/worktrees/item-147-live-session-resource-lifecycle/tests/SIR.Server.Tests/bin/Release/net10.0/SIR.Server.Tests.dll" adapterTypeName="executor://xunit/VsTestRunner3/netcore/" className="SIR.Server.Tests+LiveSessionAuthenticationTests" name="bootstrap bounds actor names and global session admission" />
    </UnitTest>
    <UnitTest name="SIR.Server.Tests+LiveSessionAuthenticationTests.production rejects spoofed header and admits signed identity" storage="/home/developer/worktrees/item-147-live-session-resource-lifecycle/tests/sir.server.tests/bin/release/net10.0/sir.server.tests.dll" id="5305a7ec-baca-aaa7-160d-107e16210613">
      <Execution id="c7e17c45-6042-4bf9-9e28-4ac07900cce8" />
      <TestMethod codeBase="/home/developer/worktrees/item-147-live-session-resource-lifecycle/tests/SIR.Server.Tests/bin/Release/net10.0/SIR.Server.Tests.dll" adapterTypeName="executor://xunit/VsTestRunner3/netcore/" className="SIR.Server.Tests+LiveSessionAuthenticationTests" name="production rejects spoofed header and admits signed identity" />
    </UnitTest>
    <UnitTest name="SIR.Server.Tests+LiveSessionAuthenticationTests.production rejects development identity header" storage="/home/developer/worktrees/item-147-live-session-resource-lifecycle/tests/sir.server.tests/bin/release/net10.0/sir.server.tests.dll" id="af97fa3e-3cd5-8a58-fc28-01633b7a4ef8">
      <Execution id="888d8d0e-e81f-44b2-8792-812efc8e2305" />
      <TestMethod codeBase="/home/developer/worktrees/item-147-live-session-resource-lifecycle/tests/SIR.Server.Tests/bin/Release/net10.0/SIR.Server.Tests.dll" adapterTypeName="executor://xunit/VsTestRunner3/netcore/" className="SIR.Server.Tests+LiveSessionAuthenticationTests" name="production rejects development identity header" />
    </UnitTest>
    <UnitTest name="SIR.Server.Tests+LiveSessionAuthenticationTests.takeover rejects superseded connection and keeps deterministic work" storage="/home/developer/worktrees/item-147-live-session-resource-lifecycle/tests/sir.server.tests/bin/release/net10.0/sir.server.tests.dll" id="a39e13bc-e383-7706-8a25-94b466af6129">
      <Execution id="9bfe9519-9910-41bd-96c6-0152e0d0f4a2" />
      <TestMethod codeBase="/home/developer/worktrees/item-147-live-session-resource-lifecycle/tests/SIR.Server.Tests/bin/Release/net10.0/SIR.Server.Tests.dll" adapterTypeName="executor://xunit/VsTestRunner3/netcore/" className="SIR.Server.Tests+LiveSessionAuthenticationTests" name="takeover rejects superseded connection and keeps deterministic work" />
    </UnitTest>
    <UnitTest name="SIR.Server.Tests+LiveSessionAuthenticationTests.bootstrap rejects cross actor identity" storage="/home/developer/worktrees/item-147-live-session-resource-lifecycle/tests/sir.server.tests/bin/release/net10.0/sir.server.tests.dll" id="f4589aac-bcc3-f6bd-2938-b6c46193a520">
      <Execution id="3aa58154-088c-4b05-95a2-9bd86a60ef39" />
      <TestMethod codeBase="/home/developer/worktrees/item-147-live-session-resource-lifecycle/tests/SIR.Server.Tests/bin/Release/net10.0/SIR.Server.Tests.dll" adapterTypeName="executor://xunit/VsTestRunner3/netcore/" className="SIR.Server.Tests+LiveSessionAuthenticationTests" name="bootstrap rejects cross actor identity" />
    </UnitTest>
    <UnitTest name="SIR.Server.Tests+LiveSessionAuthenticationTests.chunked bootstrap body is rejected before parsing" storage="/home/developer/worktrees/item-147-live-session-resource-lifecycle/tests/sir.server.tests/bin/release/net10.0/sir.server.tests.dll" id="23f90c22-9055-e0a6-0c21-5e2669fa90f9">
      <Execution id="772d2f50-7a4b-493e-b550-e2450bd4af4c" />
      <TestMethod codeBase="/home/developer/worktrees/item-147-live-session-resource-lifecycle/tests/SIR.Server.Tests/bin/Release/net10.0/SIR.Server.Tests.dll" adapterTypeName="executor://xunit/VsTestRunner3/netcore/" className="SIR.Server.Tests+LiveSessionAuthenticationTests" name="chunked bootstrap body is rejected before parsing" />
    </UnitTest>
  </TestDefinitions>
  <TestEntries>
    <TestEntry testId="23d70a59-7169-d804-981b-a6f6a78aaf8d" executionId="c8a6d0e5-c524-4715-98fb-d97db659d18d" testListId="8c84fa94-04c1-424b-9868-57a2d4851a1d" />
    <TestEntry testId="af97fa3e-3cd5-8a58-fc28-01633b7a4ef8" executionId="888d8d0e-e81f-44b2-8792-812efc8e2305" testListId="8c84fa94-04c1-424b-9868-57a2d4851a1d" />
    <TestEntry testId="c89c8dc6-f357-8e25-821c-a60f23e84690" executionId="9a4bacc1-f781-4734-b4f4-1f5d8a47f8d4" testListId="8c84fa94-04c1-424b-9868-57a2d4851a1d" />
    <TestEntry testId="ca8f4372-1632-3c49-4d63-e8521ad1ed66" executionId="320dcdd0-7bac-4b1b-a9d9-809a1ece1f70" testListId="8c84fa94-04c1-424b-9868-57a2d4851a1d" />
    <TestEntry testId="5305a7ec-baca-aaa7-160d-107e16210613" executionId="c7e17c45-6042-4bf9-9e28-4ac07900cce8" testListId="8c84fa94-04c1-424b-9868-57a2d4851a1d" />
    <TestEntry testId="282154bb-dfa9-0af3-2a56-88d71f13ed8b" executionId="c32b0903-7d42-4ef2-b577-5f8d9637977a" testListId="8c84fa94-04c1-424b-9868-57a2d4851a1d" />
    <TestEntry testId="23f90c22-9055-e0a6-0c21-5e2669fa90f9" executionId="772d2f50-7a4b-493e-b550-e2450bd4af4c" testListId="8c84fa94-04c1-424b-9868-57a2d4851a1d" />
    <TestEntry testId="e353a7da-dd6c-8e9f-80d4-fe76f65eafb0" executionId="cdc5422c-9222-4e17-9e21-ef78e702480d" testListId="8c84fa94-04c1-424b-9868-57a2d4851a1d" />
    <TestEntry testId="9e3ff86a-705e-2c5a-b13d-2650ba750e9f" executionId="1a1d1ab0-ae75-469e-92f5-a929aae70590" testListId="8c84fa94-04c1-424b-9868-57a2d4851a1d" />
    <TestEntry testId="a39e13bc-e383-7706-8a25-94b466af6129" executionId="9bfe9519-9910-41bd-96c6-0152e0d0f4a2" testListId="8c84fa94-04c1-424b-9868-57a2d4851a1d" />
    <TestEntry testId="ffd9e77d-fa91-7dbc-76ba-a8221563082e" executionId="0ee5f382-212a-47a2-948b-30638f297ddb" testListId="8c84fa94-04c1-424b-9868-57a2d4851a1d" />
    <TestEntry testId="7f38d18e-8840-31f5-982b-47e6ef418666" executionId="43c31351-492a-4c5b-a946-818f5cf23019" testListId="8c84fa94-04c1-424b-9868-57a2d4851a1d" />
    <TestEntry testId="da0ebd1a-9d30-e029-67e8-33a0c59bbf71" executionId="72bc8236-2754-4315-aba3-b0805551d5d2" testListId="8c84fa94-04c1-424b-9868-57a2d4851a1d" />
    <TestEntry testId="e6fe9cf1-af0c-218e-31e5-d371329fcd45" executionId="803a0e18-2158-486a-8ea2-7a53ee80f094" testListId="8c84fa94-04c1-424b-9868-57a2d4851a1d" />
    <TestEntry testId="f4589aac-bcc3-f6bd-2938-b6c46193a520" executionId="3aa58154-088c-4b05-95a2-9bd86a60ef39" testListId="8c84fa94-04c1-424b-9868-57a2d4851a1d" />
  </TestEntries>
  <TestLists>
    <TestList name="Results Not in a List" id="8c84fa94-04c1-424b-9868-57a2d4851a1d" />
    <TestList name="All Loaded Results" id="19431567-8539-422a-85d7-44ee4e166bda" />
  </TestLists>
  <ResultSummary outcome="Completed">
    <Counters total="15" executed="15" passed="15" failed="0" error="0" timeout="0" aborted="0" inconclusive="0" passedButRunAborted="0" notRunnable="0" notExecuted="0" disconnected="0" warning="0" completed="0" inProgress="0" pending="0" />
    <Output>
      <StdOut>[xUnit.net 00:00:00.00] xUnit.net VSTest Adapter v3.1.4+50e68bbb8b (64-bit .NET 10.0.10)
[xUnit.net 00:00:00.04]   Discovering: SIR.Server.Tests
[xUnit.net 00:00:00.06]   Discovered:  SIR.Server.Tests
[xUnit.net 00:00:00.07]   Starting:    SIR.Server.Tests
warn: Microsoft.AspNetCore.StaticFiles.StaticFileMiddleware[16]
      The WebRootPath was not found: /home/developer/worktrees/item-147-live-session-resource-lifecycle/src/SIR.Server/wwwroot. Static files may be unavailable.
info: Microsoft.AspNetCore.DataProtection.KeyManagement.XmlKeyManager[62]
      User profile is available. Using '/home/developer/.aspnet/DataProtection-Keys' as key repository; keys will not be encrypted at rest.
warn: Microsoft.AspNetCore.StaticFiles.StaticFileMiddleware[16]
      The WebRootPath was not found: /home/developer/worktrees/item-147-live-session-resource-lifecycle/src/SIR.Server/wwwroot. Static files may be unavailable.
info: Microsoft.Hosting.Lifetime[0]
      Application started. Press Ctrl+C to shut down.
info: Microsoft.Hosting.Lifetime[0]
      Hosting environment: Production
info: Microsoft.Hosting.Lifetime[0]
      Content root path: /home/developer/worktrees/item-147-live-session-resource-lifecycle/src/SIR.Server
info: Microsoft.AspNetCore.Authorization.DefaultAuthorizationService[2]
      Authorization failed. These requirements were not met:
      DenyAnonymousAuthorizationRequirement: Requires an authenticated user.
info: Microsoft.AspNetCore.Authentication.JwtBearer.JwtBearerHandler[12]
      AuthenticationScheme: Bearer was challenged.
info: Microsoft.AspNetCore.Routing.EndpointMiddleware[0]
      Executing endpoint 'HTTP: POST /api/bootstrap =&gt; Invoke'
info: Microsoft.AspNetCore.Http.Result.ContentResult[2]
      Write content with HTTP Response ContentType of application/json
info: Microsoft.AspNetCore.Routing.EndpointMiddleware[1]
      Executed endpoint 'HTTP: POST /api/bootstrap =&gt; Invoke'
info: Microsoft.Hosting.Lifetime[0]
      Application is shutting down...
warn: Microsoft.AspNetCore.StaticFiles.StaticFileMiddleware[16]
      The WebRootPath was not found: /home/developer/worktrees/item-147-live-session-resource-lifecycle/src/SIR.Server/wwwroot. Static files may be unavailable.
info: Microsoft.AspNetCore.DataProtection.KeyManagement.XmlKeyManager[62]
      User profile is available. Using '/home/developer/.aspnet/DataProtection-Keys' as key repository; keys will not be encrypted at rest.
warn: Microsoft.AspNetCore.StaticFiles.StaticFileMiddleware[16]
      The WebRootPath was not found: /home/developer/worktrees/item-147-live-session-resource-lifecycle/src/SIR.Server/wwwroot. Static files may be unavailable.
info: Microsoft.Hosting.Lifetime[0]
      Application started. Press Ctrl+C to shut down.
info: Microsoft.Hosting.Lifetime[0]
      Hosting environment: Production
info: Microsoft.Hosting.Lifetime[0]
      Content root path: /home/developer/worktrees/item-147-live-session-resource-lifecycle/src/SIR.Server
info: Microsoft.AspNetCore.Authorization.DefaultAuthorizationService[2]
      Authorization failed. These requirements were not met:
      DenyAnonymousAuthorizationRequirement: Requires an authenticated user.
info: Microsoft.AspNetCore.Authentication.JwtBearer.JwtBearerHandler[12]
      AuthenticationScheme: Bearer was challenged.
info: Microsoft.Hosting.Lifetime[0]
      Application is shutting down...
warn: Microsoft.AspNetCore.StaticFiles.StaticFileMiddleware[16]
      The WebRootPath was not found: /home/developer/worktrees/item-147-live-session-resource-lifecycle/src/SIR.Server/wwwroot. Static files may be unavailable.
info: Microsoft.AspNetCore.DataProtection.KeyManagement.XmlKeyManager[62]
      User profile is available. Using '/home/developer/.aspnet/DataProtection-Keys' as key repository; keys will not be encrypted at rest.
warn: Microsoft.AspNetCore.StaticFiles.StaticFileMiddleware[16]
      The WebRootPath was not found: /home/developer/worktrees/item-147-live-session-resource-lifecycle/src/SIR.Server/wwwroot. Static files may be unavailable.
info: Microsoft.Hosting.Lifetime[0]
      Application started. Press Ctrl+C to shut down.
info: Microsoft.Hosting.Lifetime[0]
      Hosting environment: Production
info: Microsoft.Hosting.Lifetime[0]
      Content root path: /home/developer/worktrees/item-147-live-session-resource-lifecycle/src/SIR.Server
info: Microsoft.AspNetCore.Routing.EndpointMiddleware[0]
      Executing endpoint 'HTTP: POST /api/bootstrap =&gt; Invoke'
info: Microsoft.AspNetCore.Http.Result.BadRequestObjectResult[1]
      Setting HTTP status code 400.
info: Microsoft.AspNetCore.Http.Result.BadRequestObjectResult[3]
      Writing value of type '&lt;&gt;f__AnonymousType3781612660`1' as Json.
info: Microsoft.AspNetCore.Routing.EndpointMiddleware[1]
      Executed endpoint 'HTTP: POST /api/bootstrap =&gt; Invoke'
info: Microsoft.Hosting.Lifetime[0]
      Application is shutting down...
warn: Microsoft.AspNetCore.StaticFiles.StaticFileMiddleware[16]
      The WebRootPath was not found: /home/developer/worktrees/item-147-live-session-resource-lifecycle/src/SIR.Server/wwwroot. Static files may be unavailable.
info: Microsoft.AspNetCore.DataProtection.KeyManagement.XmlKeyManager[62]
      User profile is available. Using '/home/developer/.aspnet/DataProtection-Keys' as key repository; keys will not be encrypted at rest.
warn: Microsoft.AspNetCore.StaticFiles.StaticFileMiddleware[16]
      The WebRootPath was not found: /home/developer/worktrees/item-147-live-session-resource-lifecycle/src/SIR.Server/wwwroot. Static files may be unavailable.
info: Microsoft.Hosting.Lifetime[0]
      Application started. Press Ctrl+C to shut down.
info: Microsoft.Hosting.Lifetime[0]
      Hosting environment: Production
info: Microsoft.Hosting.Lifetime[0]
      Content root path: /home/developer/worktrees/item-147-live-session-resource-lifecycle/src/SIR.Server
info: Microsoft.AspNetCore.Routing.EndpointMiddleware[0]
      Executing endpoint 'HTTP: POST /api/bootstrap =&gt; Invoke'
info: Microsoft.AspNetCore.Http.Result.BadRequestObjectResult[1]
      Setting HTTP status code 400.
info: Microsoft.AspNetCore.Http.Result.BadRequestObjectResult[3]
      Writing value of type '&lt;&gt;f__AnonymousType3781612660`1' as Json.
info: Microsoft.AspNetCore.Routing.EndpointMiddleware[1]
      Executed endpoint 'HTTP: POST /api/bootstrap =&gt; Invoke'
info: Microsoft.Hosting.Lifetime[0]
      Application is shutting down...
warn: Microsoft.AspNetCore.StaticFiles.StaticFileMiddleware[16]
      The WebRootPath was not found: /home/developer/worktrees/item-147-live-session-resource-lifecycle/src/SIR.Server/wwwroot. Static files may be unavailable.
info: Microsoft.AspNetCore.DataProtection.KeyManagement.XmlKeyManager[62]
      User profile is available. Using '/home/developer/.aspnet/DataProtection-Keys' as key repository; keys will not be encrypted at rest.
warn: Microsoft.AspNetCore.StaticFiles.StaticFileMiddleware[16]
      The WebRootPath was not found: /home/developer/worktrees/item-147-live-session-resource-lifecycle/src/SIR.Server/wwwroot. Static files may be unavailable.
info: Microsoft.Hosting.Lifetime[0]
      Application started. Press Ctrl+C to shut down.
info: Microsoft.Hosting.Lifetime[0]
      Hosting environment: Production
info: Microsoft.Hosting.Lifetime[0]
      Content root path: /home/developer/worktrees/item-147-live-session-resource-lifecycle/src/SIR.Server
info: Microsoft.AspNetCore.Authorization.DefaultAuthorizationService[2]
      Authorization failed. These requirements were not met:
      DenyAnonymousAuthorizationRequirement: Requires an authenticated user.
info: Microsoft.AspNetCore.Authentication.JwtBearer.JwtBearerHandler[12]
      AuthenticationScheme: Bearer was challenged.
info: Microsoft.Hosting.Lifetime[0]
      Application is shutting down...
[xUnit.net 00:00:00.53]   Finished:    SIR.Server.Tests
</StdOut>
    </Output>
  </ResultSummary>
</TestRun>